LIBBINDER {
  global:
    _ZN7android10IInterface8asBinderERKNS_2spIS0_EE;
    _ZN7android10IInterfaceC2Ev;
    _ZN7android10IInterfaceD0Ev;
    _ZN7android10IInterfaceD1Ev;
    _ZN7android10IInterfaceD2Ev;
    _ZN7android12MemoryDealer22getAllocationAlignmentEv;
    _ZN7android12MemoryDealerC1EmPKcj;
    _ZN7android14IPCThreadState4selfEv;
    _ZN7android21defaultServiceManagerEv;
    _ZN7android6Parcel10writeInt32Ei;
    _ZN7android6Parcel10writeInt64El;
    _ZN7android6Parcel13writeString16ERKNS_8String16E;
    _ZN7android6Parcel14writeByteArrayEmPKh;
    _ZN7android6Parcel17writeStrongBinderERKNS_2spINS_7IBinderEEE;
    _ZN7android6Parcel19writeInterfaceTokenERKNS_8String16E;
    _ZN7android6Parcel5writeEPKvm;
    _ZN7android6Parcel7setDataEPKhm;
    _ZN7android6ParcelC1Ev;
    _ZN7android6ParcelD1Ev;
    _ZN7android7BBinder10onTransactEjRKNS_6ParcelEPS1_j;
    _ZN7android7BBinder10pingBinderEv;
    _ZN7android7BBinder11linkToDeathERKNS_2spINS_7IBinder14DeathRecipientEEEPvj;
    _ZN7android7BBinder11localBinderEv;
    _ZN7android7BBinder12attachObjectEPKvPvS3_PFvS2_S3_S3_E;
    _ZN7android7BBinder12detachObjectEPKv;
    _ZN7android7BBinder13unlinkToDeathERKNS_2wpINS_7IBinder14DeathRecipientEEEPvjPS4_;
    _ZN7android7BBinder4dumpEiRKNS_6VectorINS_8String16EEE;
    _ZN7android7BBinder8transactEjRKNS_6ParcelEPS1_j;
    _ZN7android7BBinderC2Ev;
    _ZN7android7BBinderD0Ev;
    _ZN7android7BBinderD1Ev;
    _ZN7android7BBinderD2Ev;
    _ZN7android7IBinder11localBinderEv;
    _ZN7android7IBinder12remoteBinderEv;
    _ZN7android7IBinder19queryLocalInterfaceERKNS_8String16E;
    _ZN7android7IBinderD0Ev;
    _ZN7android7IBinderD1Ev;
    _ZN7android9BpRefBase10onFirstRefEv;
    _ZN7android9BpRefBase15onLastStrongRefEPKv;
    _ZN7android9BpRefBase20onIncStrongAttemptedEjPKv;
    _ZN7android9BpRefBaseC2ERKNS_2spINS_7IBinderEEE;
    _ZN7android9BpRefBaseD0Ev;
    _ZN7android9BpRefBaseD1Ev;
    _ZN7android9BpRefBaseD2Ev;
    _ZNK7android14IPCThreadState13getCallingPidEv;
    _ZNK7android6Parcel12readString16Ev;
    _ZNK7android6Parcel14checkInterfaceEPNS_7IBinderE;
    _ZNK7android6Parcel15setDataPositionEm;
    _ZNK7android6Parcel16readStrongBinderEv;
    _ZNK7android6Parcel4dataEv;
    _ZNK7android6Parcel4readEPvm;
    _ZNK7android6Parcel8dataSizeEv;
    _ZNK7android6Parcel9readInt32Ev;
    _ZNK7android6Parcel9readInt64Ev;
    _ZNK7android7BBinder10findObjectEPKv;
    _ZNK7android7BBinder13isBinderAliveEv;
    _ZNK7android7BBinder22getInterfaceDescriptorEv;
    _ZNK7android7IBinder13checkSubclassEPKv;
};
SHIM_BASE {
  global: *;
};